// Jest Snapshot v1, https://goo.gl/fbAQLP

exports[`<Footer /> should render correctly 1`] = `
<div
  className="sc-bdVaJa kSMlKW"
>
  <p>
    Made with 
    <span
      id="heart"
    >
      â™¥
    </span>
     by
     
    <a
      href="https://www.instagram.com/jesse.weigel/"
      id="name"
    >
      Jesse
    </a>
     and 
    <a
      href="https://www.instagram.com/jvscrptr/"
      id="name"
    >
      Jvscrpt.r
    </a>
    
  </p>
  <a
    href="/about"
  >
    About
  </a>
  <a
    href="/team"
  >
    Team
  </a>
  <a
    href="/jobs"
  >
    Jobs
  </a>
  <a
    href="/terms"
  >
    Terms
  </a>
  <a
    href="/privacy"
  >
    Privacy Policy
  </a>
</div>
`;
